// Jest Snapshot v1, https://goo.gl/fbAQLP

exports[`Hey should render correctly 1`] = `
<div
  className="sc-bdvvtL bppPBt"
>
  Hey!
  Test
</div>
`;
