// Jest Snapshot v1, https://goo.gl/fbAQLP

exports[`GraphicBreak should render correctly 1`] = `
<div
  className="sc-bdvvtL eBsvWT"
  id="graphic-break1"
>
  Test
</div>
`;
